src/App.tsx(1,8): error TS6133: 'React' is declared but its value is never read.
src/App.tsx(10,1): error TS6133: 'cn' is declared but its value is never read.
src/components/ui/Button.tsx(2,1): error TS6133: 'Slot' is declared but its value is never read.
src/components/ui/Button.tsx(2,22): error TS2307: Cannot find module '@radix-ui/react-slot' or its corresponding type declarations.
src/context/TaskContext.tsx(2,10): error TS1484: 'Task' is a type and must be imported using a type-only import when 'verbatimModuleSyntax' is enabled.
src/context/TaskContext.tsx(2,16): error TS1484: 'TaskContextType' is a type and must be imported using a type-only import when 'verbatimModuleSyntax' is enabled.
src/context/TaskContext.tsx(2,33): error TS1484: 'TaskStatus' is a type and must be imported using a type-only import when 'verbatimModuleSyntax' is enabled.
src/context/TaskContext.tsx(2,33): error TS6133: 'TaskStatus' is declared but its value is never read.
src/context/ThemeContext.tsx(2,10): error TS1484: 'ThemeContextType' is a type and must be imported using a type-only import when 'verbatimModuleSyntax' is enabled.
src/features/calendar/WeeklyCalendar.tsx(1,1): error TS6133: 'React' is declared but its value is never read.
src/features/dashboard/Dashboard.tsx(1,1): error TS6133: 'React' is declared but its value is never read.
src/features/tasks/TaskBoard.tsx(1,1): error TS6133: 'React' is declared but its value is never read.
src/features/tasks/TaskBoard.tsx(5,38): error TS1484: 'DropResult' is a type and must be imported using a type-only import when 'verbatimModuleSyntax' is enabled.
src/features/tasks/TaskForm.tsx(6,10): error TS1484: 'Priority' is a type and must be imported using a type-only import when 'verbatimModuleSyntax' is enabled.
src/features/tasks/TaskItem.tsx(2,10): error TS1484: 'Task' is a type and must be imported using a type-only import when 'verbatimModuleSyntax' is enabled.
src/features/timeline/DeadlineTimeline.tsx(1,1): error TS6133: 'React' is declared but its value is never read.
